[backblue.gif]
[fade.gif]
[index.html]
[127.0.0.1_8000/static/images/favicons/site.webmanifest]
[cdn.jsdelivr.net/npm/swiper@9/swiper-bundle.min.js]
[127.0.0.1_8000/index.html]
[127.0.0.1_8000/home/index.html]
[127.0.0.1_8000/static/images/logo/logo_black.png]
[127.0.0.1_8000/talks/cfp/index.html]
[127.0.0.1_8000/talks/selection_process/index.html]
[127.0.0.1_8000/talks/schedule/index.html]
[127.0.0.1_8000/static/images/coimbra/thumbnails/coimbra_01.jpg]
[127.0.0.1_8000/static/images/coimbra/thumbnails/coimbra_02.jpg]
[127.0.0.1_8000/static/images/coimbra/thumbnails/coimbra_03.jpg]
[127.0.0.1_8000/static/images/coimbra/thumbnails/coimbra_04.jpg]
[127.0.0.1_8000/static/images/coimbra/thumbnails/coimbra_05.jpg]
[127.0.0.1_8000/static/images/coimbra/thumbnails/coimbra_06.jpg]
[127.0.0.1_8000/static/images/coimbra/thumbnails/coimbra_07.jpg]
[127.0.0.1_8000/static/images/coimbra/thumbnails/coimbra_08.jpg]
[127.0.0.1_8000/static/images/coimbra/thumbnails/coimbra_09.jpg]
[127.0.0.1_8000/static/images/coimbra/thumbnails/coimbra_10.jpg]
[127.0.0.1_8000/static/images/coimbra/thumbnails/coimbra_11.jpg]
[127.0.0.1_8000/static/images/coimbra/thumbnails/coimbra_12.jpg]
[127.0.0.1_8000/static/images/coimbra/thumbnails/coimbra_13.jpg]
[127.0.0.1_8000/static/images/coimbra/thumbnails/coimbra_14.jpg]
[127.0.0.1_8000/information/coimbra/index.html]
[127.0.0.1_8000/static/images/facilities/thumbnails/iscac_01.jpg]
[127.0.0.1_8000/static/images/facilities/thumbnails/iscac_02.jpg]
[127.0.0.1_8000/static/images/facilities/thumbnails/iscac_03.jpg]
[127.0.0.1_8000/static/images/facilities/thumbnails/iscac_04.jpg]
[127.0.0.1_8000/static/images/facilities/thumbnails/iscac_05.jpg]
[127.0.0.1_8000/static/images/facilities/thumbnails/iscac_06.jpg]
[127.0.0.1_8000/static/images/facilities/thumbnails/iscac_07.jpg]
[127.0.0.1_8000/static/images/facilities/thumbnails/iscac_08.jpg]
[127.0.0.1_8000/static/images/facilities/thumbnails/iscac_09.jpg]
[127.0.0.1_8000/static/images/facilities/thumbnails/iscac_10.jpg]
[127.0.0.1_8000/static/images/facilities/thumbnails/iscac_11.jpg]
[127.0.0.1_8000/static/images/facilities/thumbnails/iscac_12.jpg]
[127.0.0.1_8000/static/images/facilities/thumbnails/iscac_13.jpg]
[127.0.0.1_8000/static/images/facilities/thumbnails/iscac_14.jpg]
[127.0.0.1_8000/static/images/facilities/thumbnails/iscac_15.jpg]
[127.0.0.1_8000/static/images/facilities/thumbnails/iscac_16.jpg]
[127.0.0.1_8000/static/images/facilities/thumbnails/iscac_17.jpg]
[127.0.0.1_8000/static/images/facilities/thumbnails/iscac_18.jpg]
[127.0.0.1_8000/static/images/facilities/thumbnails/iscac_19.jpg]
[127.0.0.1_8000/static/images/facilities/thumbnails/iscac_20.jpg]
[127.0.0.1_8000/static/images/facilities/thumbnails/iscac_21.jpg]
[127.0.0.1_8000/static/images/facilities/thumbnails/iscac_22.jpg]
[127.0.0.1_8000/static/images/facilities/thumbnails/iscac_23.jpg]
[127.0.0.1_8000/static/images/facilities/thumbnails/iscac_24.jpg]
[127.0.0.1_8000/static/images/facilities/thumbnails/iscac_25.jpg]
[127.0.0.1_8000/static/images/facilities/thumbnails/iscac_26.jpg]
[127.0.0.1_8000/information/venue/index.html]
[127.0.0.1_8000/information/grants/index.html]
[127.0.0.1_8000/static/images/party/party_1.webp]
[127.0.0.1_8000/static/images/party/party_2.webp]
[127.0.0.1_8000/static/images/party/party_3.webp]
[127.0.0.1_8000/static/images/party/party_4.webp]
[127.0.0.1_8000/static/images/party/party_5.webp]
[127.0.0.1_8000/static/images/party/party_6.webp]
[127.0.0.1_8000/information/party/index.html]
[127.0.0.1_8000/static/images/hotels/ho.png]
[127.0.0.1_8000/static/images/hotels/hdl.png]
[127.0.0.1_8000/static/images/hotels/astoria.png]
[127.0.0.1_8000/information/hospitality/index.html]
[127.0.0.1_8000/static/images/other/tshirt-pycon.png]
[127.0.0.1_8000/information/tshirts/index.html]
[127.0.0.1_8000/sponsors/sponsors/index.html]
[127.0.0.1_8000/sponsors/jobs/index.html]
[127.0.0.1_8000/static/docs/sponsorship-brochure-pyconpt23.pdf]
[127.0.0.1_8000/sponsors/sponsorship/index.html]
[127.0.0.1_8000/conduct/code_of_conduct/index.html]
[127.0.0.1_8000/conduct/response_guide/index.html]
[127.0.0.1_8000/conduct/privacy_guide/index.html]
[127.0.0.1_8000/tickets/index.html]
[127.0.0.1_8000/static/images/logo/logo-pycon2023-aqua.png]
[127.0.0.1_8000/static/images/logo/logo-pycon2023-black.png]
[127.0.0.1_8000/static/images/logo/logo-pycon2023-blue.png]
[127.0.0.1_8000/static/images/logo/logo-pycon2023-white.png]
[127.0.0.1_8000/static/images/logo/logo-pycon2023-yellow.png]
[127.0.0.1_8000/about/contact/index.html]
[127.0.0.1_8000/about/credits/index.html]
[127.0.0.1_8000/static/videos/pycon_final.html]
[127.0.0.1_8000/information/coimbra/www.cp.html]
[127.0.0.1_8000/static/images/favicons/apple-touch-icon.png]
[127.0.0.1_8000/static/images/favicons/favicon-32x32.png]
[127.0.0.1_8000/static/images/favicons/favicon-16x16.png]
[127.0.0.1_8000/static/images/favicons/favicon.ico]
[cdn.jsdelivr.net/npm/swiper@9/swiper-bundle.min.css]
[cdn.jsdelivr.net/npm/swiper@9/swiper-bundle.min.js]
[127.0.0.1_8000/static/js/project.min.js]
[127.0.0.1_8000/static/images/logo/home-banner.png]
[127.0.0.1_8000/static/images/speakers/tom-forbes.png]
[127.0.0.1_8000/static/images/speakers/darya_petrashka.png]
[127.0.0.1_8000/static/images/speakers/lucas.png]
[127.0.0.1_8000/static/images/speakers/stefanie_molin.png]
[127.0.0.1_8000/static/images/speakers/felix-mino.png]
[127.0.0.1_8000/static/images/speakers/cristian_maureira_fredes.png]
[127.0.0.1_8000/static/images/speakers/maxim-danilov.png]
[127.0.0.1_8000/static/images/speakers/kushal_vijay.png]
[127.0.0.1_8000/static/images/speakers/tiago-silva.png]
[127.0.0.1_8000/static/images/speakers/neeraj_pandey.png]
[127.0.0.1_8000/static/images/speakers/goncalo_marques.png]
[127.0.0.1_8000/static/images/speakers/shahriyar_rzayev.png]
[127.0.0.1_8000/static/images/speakers/joao_ferreira.png]
[127.0.0.1_8000/static/images/speakers/rodrigo_girao_serrao.png]
[127.0.0.1_8000/static/images/speakers/olaniyan_adewale_hafeez.png]
[127.0.0.1_8000/static/images/speakers/efe_oge.png]
[127.0.0.1_8000/static/images/speakers/anastasiia_kostiv.png]
[127.0.0.1_8000/static/images/speakers/rashmi_nagpal.png]
[127.0.0.1_8000/static/images/speakers/quazi_nafiul_islam.png]
[127.0.0.1_8000/static/images/speakers/riccardo_magliocchetti.png]
[127.0.0.1_8000/static/images/speakers/murilo_cunha.png]
[127.0.0.1_8000/static/images/speakers/dash.png]
[127.0.0.1_8000/static/images/speakers/filipe_lains.png]
[127.0.0.1_8000/static/images/speakers/jorge_miranda.png]
[127.0.0.1_8000/static/images/speakers/francisco_lavrador_pires.png]
[127.0.0.1_8000/static/images/speakers/avneet_kaur.png]
[127.0.0.1_8000/static/images/speakers/duarte_pompeu.png]
[127.0.0.1_8000/static/images/speakers/claudia_mendes_silva.png]
[127.0.0.1_8000/static/images/speakers/luca_baggi.png]
[127.0.0.1_8000/static/images/speakers/jayesh_kothari.png]
[127.0.0.1_8000/static/images/speakers/lucas_pires.png]
[127.0.0.1_8000/static/images/sponsors/loggi.png]
[127.0.0.1_8000/static/images/sponsors/eps.png]
[127.0.0.1_8000/static/images/sponsors/dsf.png]
[127.0.0.1_8000/static/images/sponsors/cmc.png]
[127.0.0.1_8000/static/images/sponsors/cbs_iscac.png]
[127.0.0.1_8000/static/images/sponsors/evolutio.png]
[127.0.0.1_8000/static/images/logo/logo_green.png]
[127.0.0.1_8000/static/debug_toolbar/js/toolbar.js]
[127.0.0.1_8000/static/images/logo/logo_black.png]
[127.0.0.1_8000/static/images/coimbra/thumbnails/coimbra_01.jpg]
[127.0.0.1_8000/static/images/coimbra/thumbnails/coimbra_02.jpg]
[127.0.0.1_8000/static/images/coimbra/thumbnails/coimbra_03.jpg]
[127.0.0.1_8000/static/images/coimbra/thumbnails/coimbra_04.jpg]
[127.0.0.1_8000/static/images/coimbra/thumbnails/coimbra_05.jpg]
[127.0.0.1_8000/static/images/coimbra/thumbnails/coimbra_06.jpg]
[127.0.0.1_8000/static/images/coimbra/thumbnails/coimbra_07.jpg]
[127.0.0.1_8000/static/images/coimbra/thumbnails/coimbra_09.jpg]
[127.0.0.1_8000/static/images/coimbra/thumbnails/coimbra_08.jpg]
[127.0.0.1_8000/static/images/coimbra/thumbnails/coimbra_10.jpg]
[127.0.0.1_8000/static/images/coimbra/thumbnails/coimbra_11.jpg]
[127.0.0.1_8000/static/images/coimbra/thumbnails/coimbra_12.jpg]
[127.0.0.1_8000/static/images/coimbra/thumbnails/coimbra_13.jpg]
[127.0.0.1_8000/static/images/coimbra/thumbnails/coimbra_14.jpg]
[127.0.0.1_8000/static/images/facilities/thumbnails/iscac_01.jpg]
[127.0.0.1_8000/static/images/facilities/thumbnails/iscac_02.jpg]
[127.0.0.1_8000/static/images/facilities/thumbnails/iscac_03.jpg]
[127.0.0.1_8000/static/images/facilities/thumbnails/iscac_04.jpg]
[127.0.0.1_8000/static/images/facilities/thumbnails/iscac_05.jpg]
[127.0.0.1_8000/static/images/facilities/thumbnails/iscac_06.jpg]
[127.0.0.1_8000/static/images/facilities/thumbnails/iscac_07.jpg]
[127.0.0.1_8000/static/images/facilities/thumbnails/iscac_08.jpg]
[127.0.0.1_8000/static/images/facilities/thumbnails/iscac_09.jpg]
[127.0.0.1_8000/static/images/facilities/thumbnails/iscac_10.jpg]
[127.0.0.1_8000/static/images/facilities/thumbnails/iscac_11.jpg]
[127.0.0.1_8000/static/images/facilities/thumbnails/iscac_12.jpg]
[127.0.0.1_8000/static/images/facilities/thumbnails/iscac_13.jpg]
[127.0.0.1_8000/static/images/facilities/thumbnails/iscac_14.jpg]
[127.0.0.1_8000/static/images/facilities/thumbnails/iscac_15.jpg]
[127.0.0.1_8000/static/images/facilities/thumbnails/iscac_16.jpg]
[127.0.0.1_8000/static/images/facilities/thumbnails/iscac_17.jpg]
[127.0.0.1_8000/static/images/facilities/thumbnails/iscac_18.jpg]
[127.0.0.1_8000/static/images/facilities/thumbnails/iscac_19.jpg]
[127.0.0.1_8000/static/images/facilities/thumbnails/iscac_20.jpg]
[127.0.0.1_8000/static/images/facilities/thumbnails/iscac_21.jpg]
[127.0.0.1_8000/static/images/facilities/thumbnails/iscac_22.jpg]
[127.0.0.1_8000/static/images/facilities/thumbnails/iscac_23.jpg]
[cdnjs.cloudflare.com/ajax/libs/bootstrap/5.1.3/css/bootstrap.min.css]
[127.0.0.1_8000/static/images/facilities/thumbnails/iscac_24.jpg]
[127.0.0.1_8000/static/images/facilities/thumbnails/iscac_25.jpg]
[127.0.0.1_8000/static/images/facilities/thumbnails/iscac_26.jpg]
[cdn.jsdelivr.net/npm/bootstrap-icons@1.10.3/font/bootstrap-icons.css]
[127.0.0.1_8000/static/images/party/party_2.webp]
[127.0.0.1_8000/static/images/party/party_1.webp]
[127.0.0.1_8000/static/images/party/party_3.webp]
[127.0.0.1_8000/static/css/project.min.css]
[127.0.0.1_8000/static/images/party/party_4.webp]
[127.0.0.1_8000/static/images/party/party_5.webp]
[127.0.0.1_8000/static/images/party/party_6.webp]
[127.0.0.1_8000/static/images/hotels/ho.png]
[127.0.0.1_8000/static/images/hotels/hdl.png]
[127.0.0.1_8000/static/images/hotels/astoria.png]
[127.0.0.1_8000/static/images/other/tshirt-pycon.png]
[127.0.0.1_8000/static/docs/sponsorship-brochure-pyconpt23.pdf]
[127.0.0.1_8000/static/images/logo/logo-pycon2023-aqua.png]
[127.0.0.1_8000/static/images/logo/logo-pycon2023-black.png]
[127.0.0.1_8000/static/images/logo/logo-pycon2023-blue.png]
[127.0.0.1_8000/static/images/logo/logo-pycon2023-white.png]
[127.0.0.1_8000/static/images/logo/logo-pycon2023-yellow.png]
[127.0.0.1_8000/static/images/other/last_edition.jpg]
[cdnjs.cloudflare.com/ajax/libs/bootstrap/5.1.3/js/bootstrap.bundle.min.js]
[127.0.0.1_8000/home/index.html]
[127.0.0.1_8000/static/images/logo/logo.svg]
[127.0.0.1_8000/static/images/other/star.svg]
[127.0.0.1_8000/static/images/other/calendar.svg]
[127.0.0.1_8000/static/images/sponsors/logo-psf.svg]
[127.0.0.1_8000/static/videos/pycon_final.html]
[127.0.0.1_8000/static/images/external_logo/logo_twitter.svg]
[127.0.0.1_8000/static/images/external_logo/logo_slack.svg]
[127.0.0.1_8000/static/images/external_logo/logo_youtube.svg]
[127.0.0.1_8000/static/images/external_logo/logo_linkedin.svg]
[127.0.0.1_8000/static/images/external_logo/logo_github.svg]
[127.0.0.1_8000/static/debug_toolbar/css/print.css]
[127.0.0.1_8000/static/debug_toolbar/css/toolbar.css]
[127.0.0.1_8000/static/images/other/pretalx.svg]
[127.0.0.1_8000/information/coimbra/www.cp.html]
[127.0.0.1_8000/static/images/other/award_star.svg]
[127.0.0.1_8000/static/images/other/pretix.svg]
[127.0.0.1_8000/static/images/logo/logo-pycon2023-aqua.svg]
[127.0.0.1_8000/static/images/logo/logo-pycon2023-black.svg]
[127.0.0.1_8000/static/images/logo/logo-pycon2023-blue.svg]
[127.0.0.1_8000/static/images/logo/logo-pycon2023-white.svg]
[127.0.0.1_8000/static/images/logo/logo-pycon2023-yellow.svg]
[cdn.jsdelivr.net/npm/bootstrap-icons@1.10.3/font/fonts/bootstrap-iconsbf04.woff2]
[cdn.jsdelivr.net/npm/bootstrap-icons@1.10.3/font/fonts/bootstrap-iconsbf04.woff]
[sodipodi.sourceforge.net/DTD/sodipodi-0.50.delayed]
[127.0.0.1_8000/static/images/background/bg-pycon.svg]
[127.0.0.1_8000/static/images/background/backgrounds-02.svg]
[127.0.0.1_8000/static/images/background/backgrounds-03.svg]
[127.0.0.1_8000/static/images/other/handshake_green.svg]
[sodipodi.sourceforge.net/DTD/sodipodi-0.html]
[127.0.0.1_8000/static/images/logo/og_logo.png]
